<html>
<body>
<pre>
<h1>µVision Build Log</h1>
<h2>Project:</h2>
E:\Important data\DATA\tai lieu\Arm_Cotex_M4\My_projects\Projects\Quadcopter_VK3.0\MDK-ARM\quadcopter_v3.0.uvproj
Project File Date:  07/20/2014

<h2>Output:</h2>
Rebuild target 'Quadcopter_V3.0'
compiling main.c...
compiling stm32f4xx_it.c...
compiling system_stm32f4xx.c...
compiling misc.c...
compiling stm32f4xx_adc.c...
compiling stm32f4xx_can.c...
compiling stm32f4xx_crc.c...
compiling stm32f4xx_cryp.c...
compiling stm32f4xx_cryp_aes.c...
compiling stm32f4xx_cryp_des.c...
compiling stm32f4xx_cryp_tdes.c...
compiling stm32f4xx_dac.c...
compiling stm32f4xx_dbgmcu.c...
compiling stm32f4xx_dcmi.c...
compiling stm32f4xx_dma.c...
compiling stm32f4xx_exti.c...
compiling stm32f4xx_flash.c...
compiling stm32f4xx_fsmc.c...
compiling stm32f4xx_gpio.c...
compiling stm32f4xx_hash.c...
compiling stm32f4xx_hash_md5.c...
compiling stm32f4xx_hash_sha1.c...
compiling stm32f4xx_i2c.c...
compiling stm32f4xx_iwdg.c...
compiling stm32f4xx_pwr.c...
compiling stm32f4xx_rcc.c...
compiling stm32f4xx_rng.c...
compiling stm32f4xx_rtc.c...
compiling stm32f4xx_sdio.c...
compiling stm32f4xx_spi.c...
compiling stm32f4xx_syscfg.c...
compiling stm32f4xx_tim.c...
compiling stm32f4xx_usart.c...
compiling stm32f4xx_wwdg.c...
assembling startup_stm32f4xx.s...
compiling AHRS.c...
compiling delay.c...
compiling HMC5983.c...
compiling led_pc3.c...
compiling MPU6000.c...
compiling MS5611.c...
compiling my_rcc_config.c...
compiling my_usart.c...
compiling mySPI.c...
compiling tm1_ovf.c...
compiling GPS_6MV2.c...
compiling Processing.c...
compiling pid.c...
..\USER\MY_SOURCES\pid.c(34): warning:  #174-D: expression has no effect
..\USER\MY_SOURCES\pid.c(43): warning:  #174-D: expression has no effect
compiling rx.c...
compiling motor.c...
linking...
Program Size: Code=23336 RO-data=784 RW-data=260 ZI-data=1308  
FromELF: creating hex file...
".\OBJ\quadcopter_v3.0" - 0 Errors, 2 Warning(s).
